---
source: src/tests/store_parsing.rs
expression: no_errors
---

